error: Argument "arg_typo" was not found in "fn some_function(..)"
 --> tests/ui/args-into-argument-not-found.rs:7:42
  |
7 |         #[swift_bridge(args_into = (arg, arg_typo))]
  |                                          ^^^^^^^^

error: Argument "bar" was not found in "fn some_method(..)"
  --> tests/ui/args-into-argument-not-found.rs:13:42
   |
13 |         #[swift_bridge(args_into = (foo, bar))]
   |                                          ^^^
