error: Unrecognized attribute "InvalidAttribute".
 --> tests/ui/unrecognized-opaque-type-attribute.rs:8:24
  |
8 |         #[swift_bridge(InvalidAttribute)]
  |                        ^^^^^^^^^^^^^^^^
